// Jest Snapshot v1, https://goo.gl/fbAQLP

exports[`<ForgottenPassModal /> should render correctly ForgottenPassModal 1`] = `
<div
  className="reminder"
  id="reminder-Modal"
>
  <h2
    className="reminder__header"
  >
    Resetowanie hasła
  </h2>
  <p
    className="reminder__description"
  >
    Podaj adres e-mail na który zarejestrowane jest konto
  </p>
  <Form
    onSubmit={[Function]}
  >
    <Input
      autoComplete="email"
      id="reminder-email-field"
      inputRef={[Function]}
      label="e-mail"
      labelType="floating"
      onChange={[Function]}
      pattern=".+@.+"
      placeholder="Wpisz tutaj swój email..."
      required={true}
      type="email"
      value=""
    />
    <RequestStatus
      color="transparent"
      direction="horizontal"
      errorMessage="Przepraszamy coś poszło nie tak!"
      fullview={false}
      requestState="initial"
      size="medium"
    >
      <Status
        id="reminder-status"
        message="Jeśli podałeś poprawny email, przypomnienie zostało wysłane"
        position="vertical"
        type="correct"
      />
    </RequestStatus>
    <div
      className="reminder__buttons-wrapper"
    >
      <Button
        category="button"
        className=""
        color="white"
        id="reminder-close-button"
        onClick={[Function]}
        size="medium"
        type="button"
      >
        Anuluj
      </Button>
      <Button
        category="button"
        className=""
        color="blue"
        id="reminder-submit-button"
        onClick={[Function]}
        size="medium"
        type="submit"
      >
        Resetuj
      </Button>
    </div>
  </Form>
</div>
`;
