// Jest Snapshot v1, https://goo.gl/fbAQLP

exports[`<Radio /> should render correctly Radio 1`] = `
<div
  className="input-wrapper"
>
  <input
    className="input-wrapper__field"
    id="mockId"
    type="radio"
  >
    mockText
  </input>
  <label
    className="input-wrapper__label"
    htmlFor="mockId"
  />
</div>
`;
