// Jest Snapshot v1, https://goo.gl/fbAQLP

exports[`<LoginModal /> should render correctly LoginModal 1`] = `
<div
  className="login"
  id="login-Modal"
>
  <h2
    className="login__header"
  >
    Logowanie
  </h2>
  <p
    className="login__description"
  >
    Wpisz następujące dane aby się zalogować
  </p>
  <Form
    onSubmit={[Function]}
  >
    <Input
      autoComplete="username"
      data-type="email"
      floatingLabel={true}
      id="login-email-field"
      inputRef={[Function]}
      label="e-mail"
      onChange={[Function]}
      pattern=".+@.+"
      placeholder="Wpisz tutaj swój email..."
      required={true}
      type="email"
      value=""
    />
    <Input
      autoComplete="current-password"
      data-type="password"
      floatingLabel={true}
      id="login-password-field"
      inputRef={[Function]}
      label="hasło"
      onChange={[Function]}
      placeholder="Podaj hasło..."
      required={true}
      type="password"
      value=""
    />
    <Button
      category="text"
      className=""
      color="blue"
      id="login-forgotten-pass-button"
      onClick={[Function]}
      type="button"
    >
      Zapomniałeś hasła?
    </Button>
    <RequestStatus
      direction="horizontal"
      errorMessage="Przepraszamy coś poszło nie tak!"
      requestState="initial"
      size="small"
    >
      <Status
        id="login-status"
        message="Niepoprawny email lub hasło"
        position="horizontal"
        type="error"
      />
    </RequestStatus>
    <div
      className="login__buttons-wrapper"
    >
      <Button
        category="button"
        className=""
        color="white"
        id="login-close-button"
        onClick={[Function]}
        type="button"
      >
        Anuluj
      </Button>
      <Button
        category="button"
        className=""
        color="blue"
        id="login-submit-button"
        onClick={[Function]}
        type="submit"
      >
        Zaloguj
      </Button>
    </div>
  </Form>
</div>
`;

exports[`<LoginModal /> should render correctly LoginModal with remember password for state forgottenPassword true 1`] = `
<div
  className="login"
  id="login-Modal"
>
  <h2
    className="login__header"
  >
    Logowanie
  </h2>
  <p
    className="login__description"
  >
    Wpisz następujące dane aby się zalogować
  </p>
  <Form
    onSubmit={[Function]}
  >
    <Input
      autoComplete="username"
      data-type="email"
      floatingLabel={true}
      id="login-email-field"
      inputRef={[Function]}
      label="e-mail"
      onChange={[Function]}
      pattern=".+@.+"
      placeholder="Wpisz tutaj swój email..."
      required={true}
      type="email"
      value=""
    />
    <Input
      autoComplete="current-password"
      data-type="password"
      floatingLabel={true}
      id="login-password-field"
      inputRef={[Function]}
      label="hasło"
      onChange={[Function]}
      placeholder="Podaj hasło..."
      required={true}
      type="password"
      value=""
    />
    <Button
      category="text"
      className=""
      color="blue"
      id="login-forgotten-pass-button"
      onClick={[Function]}
      type="button"
    >
      Zapomniałeś hasła?
    </Button>
    <RequestStatus
      direction="horizontal"
      errorMessage="Przepraszamy coś poszło nie tak!"
      requestState="initial"
      size="small"
    >
      <Status
        id="login-status"
        message="Niepoprawny email lub hasło"
        position="horizontal"
        type="error"
      />
    </RequestStatus>
    <div
      className="login__buttons-wrapper"
    >
      <Button
        category="button"
        className=""
        color="white"
        id="login-close-button"
        onClick={[Function]}
        type="button"
      >
        Anuluj
      </Button>
      <Button
        category="button"
        className=""
        color="blue"
        id="login-submit-button"
        onClick={[Function]}
        type="submit"
      >
        Zaloguj
      </Button>
    </div>
  </Form>
</div>
`;
