// Jest Snapshot v1, https://goo.gl/fbAQLP

exports[`<LoginModal /> should render correctly LoginModal 1`] = `
<div
  className="login"
  id="login-modal"
>
  <h2
    className="login__header"
  >
    Logowanie
  </h2>
  <p
    className="login__description"
  >
    Wpisz następujące dane aby się zalogować
  </p>
  <Form
    onSubmit={[Function]}
  >
    <Input
      autoComplete="username"
      data-type="email"
      id="login-email-field"
      inputRef={[Function]}
      label="e-mail"
      labelType="floating"
      onChange={[Function]}
      pattern=".+@.+"
      placeholder="Wpisz tutaj swój email..."
      required={true}
      type="email"
      value=""
    />
    <Input
      autoComplete="current-password"
      data-type="password"
      id="login-password-field"
      inputRef={[Function]}
      label="hasło"
      labelType="floating"
      onChange={[Function]}
      placeholder="Podaj hasło..."
      required={true}
      type="password"
      value=""
    />
    <Button
      category="text"
      className=""
      color="blue"
      id="login-forgotten-pass-button"
      onClick={[Function]}
      size="medium"
      type="button"
    >
      Zapomniałeś hasła?
    </Button>
    <div
      className="login__request-status"
    >
      <RequestStatus
        color="transparent"
        direction="horizontal"
        errorMessage="Przepraszamy coś poszło nie tak!"
        fullview={false}
        requestState="initial"
        size="small"
      >
        <Status
          id="login-status"
          message="Niepoprawny email lub hasło"
          position="horizontal"
          type="error"
        />
      </RequestStatus>
    </div>
    <div
      className="login__buttons-wrapper"
    >
      <Button
        category="button"
        className=""
        color="white"
        id="login-close-button"
        onClick={[Function]}
        size="medium"
        type="button"
      >
        Anuluj
      </Button>
      <Button
        category="button"
        className=""
        color="blue"
        id="login-submit-button"
        onClick={[Function]}
        size="medium"
        type="submit"
      >
        Zaloguj
      </Button>
    </div>
  </Form>
</div>
`;

exports[`<LoginModal /> should render correctly LoginModal with remember password for state forgottenPassword true 1`] = `
<div
  className="login"
  id="login-modal"
>
  <h2
    className="login__header"
  >
    Logowanie
  </h2>
  <p
    className="login__description"
  >
    Wpisz następujące dane aby się zalogować
  </p>
  <Form
    onSubmit={[Function]}
  >
    <Input
      autoComplete="username"
      data-type="email"
      id="login-email-field"
      inputRef={[Function]}
      label="e-mail"
      labelType="floating"
      onChange={[Function]}
      pattern=".+@.+"
      placeholder="Wpisz tutaj swój email..."
      required={true}
      type="email"
      value=""
    />
    <Input
      autoComplete="current-password"
      data-type="password"
      id="login-password-field"
      inputRef={[Function]}
      label="hasło"
      labelType="floating"
      onChange={[Function]}
      placeholder="Podaj hasło..."
      required={true}
      type="password"
      value=""
    />
    <Button
      category="text"
      className=""
      color="blue"
      id="login-forgotten-pass-button"
      onClick={[Function]}
      size="medium"
      type="button"
    >
      Zapomniałeś hasła?
    </Button>
    <div
      className="login__request-status"
    >
      <RequestStatus
        color="transparent"
        direction="horizontal"
        errorMessage="Przepraszamy coś poszło nie tak!"
        fullview={false}
        requestState="initial"
        size="small"
      >
        <Status
          id="login-status"
          message="Niepoprawny email lub hasło"
          position="horizontal"
          type="error"
        />
      </RequestStatus>
    </div>
    <div
      className="login__buttons-wrapper"
    >
      <Button
        category="button"
        className=""
        color="white"
        id="login-close-button"
        onClick={[Function]}
        size="medium"
        type="button"
      >
        Anuluj
      </Button>
      <Button
        category="button"
        className=""
        color="blue"
        id="login-submit-button"
        onClick={[Function]}
        size="medium"
        type="submit"
      >
        Zaloguj
      </Button>
    </div>
  </Form>
</div>
`;
