// Jest Snapshot v1, https://goo.gl/fbAQLP

exports[`<SignupModal /> should render correctly SignupModal 1`] = `
<div
  className="signup"
  id="SignupModal"
>
  <h2
    className="signup__header"
  >
    Rejestracja
  </h2>
  <p
    className="signup__description"
  >
    Wpisz następujące dane aby się zarejestrować
  </p>
  <Form
    className="signup__form"
    onSubmit={[Function]}
  >
    <div
      className="signup__required"
    >
      <Input
        autoComplete="email"
        data-type="email"
        id="email-field"
        inputRef={[Function]}
        label="E-mail*"
        labelType="floating"
        onChange={[Function]}
        pattern=".+@.+"
        placeholder="Podaj swój adres email..."
        required={true}
        type="email"
        value=""
      />
      <Input
        autoComplete="new-password"
        data-type="password"
        id="password-field"
        inputRef={[Function]}
        label="Hasło*"
        labelType="floating"
        maxLength="12"
        minLength="6"
        name="password"
        onBlur={[Function]}
        onChange={[Function]}
        placeholder="Podaj hasło..."
        required={true}
        type="password"
        value=""
      />
      <Input
        autoComplete="new-password"
        data-type="repeatedPassword"
        id="repeat-password-field"
        inputRef={[Function]}
        label="Powtórz hasło*"
        labelType="floating"
        maxLength="12"
        minLength="6"
        onBlur={[Function]}
        onChange={[Function]}
        placeholder="Powtórz hasło..."
        required={true}
        type="password"
        value=""
      />
      <Input
        data-type="nickname"
        id="nickname-field"
        inputRef={[Function]}
        label="Nickname*"
        labelType="floating"
        onChange={[Function]}
        placeholder="Podaj swój adres email..."
        required={true}
        type="text"
        value=""
      />
    </div>
    <Group
      direction="column"
      name="opcjonalnie"
    >
      <Input
        autoComplete="given-name"
        data-type="firstname"
        id="name-field"
        inputRef={[Function]}
        label="Imię"
        labelType="floating"
        onChange={[Function]}
        placeholder="Podaj swoje imię..."
        type="text"
        value=""
      />
      <Input
        autoComplete="family-name"
        data-type="lastname"
        id="lastname-field"
        inputRef={[Function]}
        label="Nazwisko"
        labelType="floating"
        onChange={[Function]}
        placeholder="Podaj swoje nazwisko..."
        type="text"
        value=""
      />
      <Input
        autoComplete="address-level2"
        data-type="city"
        id="city-field"
        inputRef={[Function]}
        label="Miasto"
        labelType="floating"
        name="city"
        onChange={[Function]}
        placeholder="Podaj swoje miasto..."
        type="text"
        value=""
      />
      <Group
        direction="column"
        name="Płeć"
        onChange={[Function]}
      >
        <Radio
          data-type="gender"
          defaultChecked={false}
          id="gender-field-1"
          label="Mężczyzna"
          name="gender"
          value="M"
        />
        <Radio
          data-type="gender"
          defaultChecked={false}
          id="gender-field-2"
          label="Kobieta"
          name="gender"
          value="F"
        />
      </Group>
    </Group>
    <div
      className="signup__agreements-wrapper"
    >
      <Checkbox
        checked={false}
        data-type="emailAgreement"
        id="emailAgreement"
        label="Czy wyrażasz zgodę na otrzymywanie informacji mailowych od serwisu \\"City Inspector\\", dotyczących zmian w serwisie oraz aktualizacji zgłoszeń."
        name="emailAgreement"
        onChange={[Function]}
      />
    </div>
    <div
      className="signup__request-status"
    >
      <RequestStatus
        color="transparent"
        direction="horizontal"
        errorMessage="Przepraszamy coś poszło nie tak!"
        fullview={false}
        requestState="initial"
        size="small"
      >
        <Status
          id="login-status"
          message="Konto zostało utworzone, możesz się zalogować"
          position="horizontal"
          type="correct"
        />
      </RequestStatus>
    </div>
    <div
      className="signup__buttons-wrapper"
    >
      <Button
        category="button"
        className=""
        color="white"
        id="inform-close-button"
        onClick={[Function]}
        size="medium"
        type="button"
      >
        Anuluj
      </Button>
      <Button
        category="button"
        className=""
        color="blue"
        id="submit-button"
        onClick={[Function]}
        size="medium"
        type="submit"
      >
        Zarejestruj
      </Button>
    </div>
  </Form>
</div>
`;
